2026-05-14T12:28:25.159Z [INFO]: Collaboration Service running on port 5002
2026-05-14T12:31:01.215Z [INFO]: Collaboration Service running on port 5002
2026-05-14T12:32:14.017Z [INFO]: User af066074-ee20-4cf7-8fb7-56b69e09c602 fetched teams
2026-05-14T12:32:14.031Z [INFO]: User af066074-ee20-4cf7-8fb7-56b69e09c602 fetched teams
2026-05-14T12:34:06.380Z [INFO]: Team created: Team 2 by user af066074-ee20-4cf7-8fb7-56b69e09c602
2026-05-14T12:34:06.396Z [INFO]: User af066074-ee20-4cf7-8fb7-56b69e09c602 fetched teams
2026-05-14T12:34:11.563Z [INFO]: User af066074-ee20-4cf7-8fb7-56b69e09c602 fetched tasks for team 8d3b945f-cb55-4ba8-a97f-214c8215a27e
2026-05-14T12:34:11.571Z [INFO]: User af066074-ee20-4cf7-8fb7-56b69e09c602 fetched tasks for team 8d3b945f-cb55-4ba8-a97f-214c8215a27e
2026-05-14T12:34:23.804Z [INFO]: Task created in team 8d3b945f-cb55-4ba8-a97f-214c8215a27e by user af066074-ee20-4cf7-8fb7-56b69e09c602
2026-05-14T12:34:23.814Z [INFO]: User af066074-ee20-4cf7-8fb7-56b69e09c602 fetched tasks for team 8d3b945f-cb55-4ba8-a97f-214c8215a27e
2026-05-14T12:34:27.494Z [INFO]: User af066074-ee20-4cf7-8fb7-56b69e09c602 fetched teams
2026-05-14T12:34:27.504Z [INFO]: User af066074-ee20-4cf7-8fb7-56b69e09c602 fetched teams
2026-05-14T12:34:29.389Z [INFO]: User af066074-ee20-4cf7-8fb7-56b69e09c602 fetched tasks for team 8d3b945f-cb55-4ba8-a97f-214c8215a27e
2026-05-14T12:34:29.400Z [INFO]: User af066074-ee20-4cf7-8fb7-56b69e09c602 fetched tasks for team 8d3b945f-cb55-4ba8-a97f-214c8215a27e
2026-05-14T12:34:30.868Z [INFO]: User af066074-ee20-4cf7-8fb7-56b69e09c602 fetched teams
2026-05-14T12:34:30.874Z [INFO]: User af066074-ee20-4cf7-8fb7-56b69e09c602 fetched teams
2026-05-14T12:34:31.635Z [INFO]: User af066074-ee20-4cf7-8fb7-56b69e09c602 fetched tasks for team 358a5006-f712-4347-a5df-bfa6ba5241d2
2026-05-14T12:34:31.641Z [INFO]: User af066074-ee20-4cf7-8fb7-56b69e09c602 fetched tasks for team 358a5006-f712-4347-a5df-bfa6ba5241d2
2026-05-14T12:34:32.964Z [INFO]: User af066074-ee20-4cf7-8fb7-56b69e09c602 fetched teams
2026-05-14T12:34:32.969Z [INFO]: User af066074-ee20-4cf7-8fb7-56b69e09c602 fetched teams
